add 25, returns 1 
add 14, returns 1 
add 32, returns 1 
add 53, returns 1 
add 8, returns 1 
free
