add 25, returns 1 
add 14, returns 1 
add 32, returns 1 
next, returns NULL 
next, returns NULL 
previous, returns 32 
previous, returns 14 
previous, returns 25 
previous, returns NULL 
next, returns 25 
next, returns 14 
next, returns 32 
next, returns NULL 
