add 25, returns 1 
add 14, returns 1 
add 32, returns 1 
hasnext, returns 0 
hasprev, returns 1 
previous, returns 32 
previous, returns 14 
hasnext, returns 1 
hasprev, returns 1 
previous, returns 25 
hasnext, returns 1 
hasprev, returns 0 
